[38;5;25m---------------------------------------------------
[0m"[38;5;50m--- PROGRAM STARTED ---[0m"
[38;5;50m[
  "tryupdate",
  "silent"
]
[0m
[38;5;25m---------------------------------------------------
[0m"[38;5;50m--- PROGRAM STARTED ---[0m"
[38;5;50m[
]
[0m
[38;5;25m---------------------------------------------------
[0m"[38;5;50m--- PROGRAM STARTED ---[0m"
[38;5;50m[
  "tryupdate",
  "silent"
]
[0m